Port,Protocol,Count
53,udp,1
80,tcp,1
443,tcp,1
